
> romihistoire@0.1.0 test:server
> vitest run -c server/vitest.config.js server/tests/services/prompt.helper.test.js


[1m[46m RUN [49m[22m [36mv4.0.15 [39m[90mD:/appli-coding/lovable/imagitales[39m

 [31mÔØ»[39m server/tests/services/prompt.helper.test.js [2m([22m[2m7 tests[22m[2m | [22m[31m4 failed[39m[2m)[22m[32m 18[2mms[22m[39m
       [32mÔ£ô[39m should return correct style for 2-3 ans[32m 1[2mms[22m[39m
       [32mÔ£ô[39m should return correct style for 4-6 ans[32m 0[2mms[22m[39m
       [32mÔ£ô[39m should return correct style for 13-15 ans[32m 0[2mms[22m[39m
[31m       [31m├ù[31m should generate single story prompt by default[39m[32m 5[2mms[22m[39m
[31m       [31m├ù[31m should generate weekly prompt if day is Toute la semaine[39m[32m 7[2mms[22m[39m
[31m       [31m├ù[31m should include continuity instruction if previousChapter is provided[39m[32m 2[2mms[22m[39m
[31m       [31m├ù[31m should include specific Friday instructions[39m[32m 1[2mms[22m[39m

ÔÄ»ÔÄ»ÔÄ»ÔÄ»ÔÄ»ÔÄ»ÔÄ» Failed Tests 4 ÔÄ»ÔÄ»ÔÄ»ÔÄ»ÔÄ»ÔÄ»ÔÄ»

 FAIL  server/tests/services/prompt.helper.test.js > PromptHelper Unit Tests > buildStoryPrompt > should generate single story prompt by default
ReferenceError: day is not defined
 ÔØ» PromptHelper._getTaskInstruction server/services/helpers/prompt.helper.js:44:64
     42|         return `T├óche : G├®n├®rez une S├ëRIE COMPL├êTE de 7 histoires (LunÔÇª
     43|     }
     44|     return `T├óche : G├®n├®rez UNE SEULE histoire pour le jour "${day}" sÔÇª
       |                                                                ^
     45|   }
     46| 
 ÔØ» PromptHelper.buildStoryPrompt server/services/helpers/prompt.helper.js:22:8
 ÔØ» server/tests/services/prompt.helper.test.js:36:41

ÔÄ»ÔÄ»ÔÄ»ÔÄ»ÔÄ»ÔÄ»ÔÄ»ÔÄ»ÔÄ»ÔÄ»ÔÄ»ÔÄ»ÔÄ»ÔÄ»ÔÄ»ÔÄ»ÔÄ»ÔÄ»ÔÄ»ÔÄ»ÔÄ»ÔÄ»ÔÄ»ÔÄ»[1/4]ÔÄ»

 FAIL  server/tests/services/prompt.helper.test.js > PromptHelper Unit Tests > buildStoryPrompt > should generate weekly prompt if day is Toute la semaine
AssertionError: expected 'Contexte : Vous ├¬tes une IA experte eÔÇª' to contain 'G├®n├¿re une S├ëRIE COMPL├êTE'

- Expected
+ Received

- G├®n├¿re une S├ëRIE COMPL├êTE
+ Contexte : Vous ├¬tes une IA experte en litt├®rature jeunesse et p├®dagogie. Votre mission est de cr├®er des histoires captivantes, ├®ducatives et parfaitement adapt├®es au public vis├®.
+
+ T├óche : G├®n├®rez une S├ëRIE COMPL├êTE de 7 histoires (Lundi ├á Dimanche) sur le th├¿me "Espace" pour des enfants de 7-9 ans. Chaque histoire doit ├¬tre unique mais interconnect├®e.
+
+
+ CRIT├êRES DE R├ëDACTION :
+ - **Style & Ton** : Syntaxe fluide, utilisation de l'imparfait/pass├® simple. Vocabulaire imag├®. Personnages avec personnalit├® distincte.
+ - **Longueur Cible** : 500-800 mots (~6-8 paragraphes).
+ - **Personnages** : 
+ - **Contexte S├®rie** : 
+ - **Continuit├®** : Cette histoire peut ├¬tre autonome tout en respectant le th├¿me.
+ - **Conseil Structurel** : Intrigue avec un ├®l├®ment d├®clencheur, une p├®rip├®tie et une r├®solution.
+ - **Contenu ├ëducatif** : Int├®grez subtilement des notions d├®couverte (nature, science, valeurs) sans ├¬tre didactique.
+     
+
+
+ INSTRUCTIONS ILLUSTRATION :
+ Fournissez pour chaque histoire UNE description d'illustration riche et ├®vocatrice (Prompt Image).
+ - **Style Visuel** : Style 'Album jeunesse riche', textures soign├®es, ├®clairages travaill├®s, semi-r├®aliste po├®tique.
+ - **Coh├®rence** : Pour la s├®rie, assurez une coh├®rence visuelle stricte (m├¬me style, m├¬me apparence des personnages) entre chaque illustration.
+ - **D├®tails** : D├®crivez la lumi├¿re, les couleurs, l'action et l'├®motion de la sc├¿ne.
+     
+
+
+
+
+ FORMAT DE SORTIE ATTENDU (Strict) :
+ Ne saluez pas. Ne mettez pas de "Bien s├╗r". Commencez directement par le contenu.
+ Si plusieurs histoires (semaine), r├®p├®tez le bloc ci-dessous pour chaque jour.
+
+
+ **Titre de l'Histoire :** [Un titre unique et accrocheur]
+ **Th├¿me Hebdomadaire :** [Le th├¿me global]
+ **Tranche d'├ége :** [L'├óge cible]
+ **Jour de la Semaine :** [Jour concern├® (ex: Lundi)]
+ **Th├¿mes Associ├®s (JSON):** [{"name": "MotCl├®1", "description": "Court", "icon": "emoji", "color": "#hex"}, {"name": "MotCl├®2", "description": "Court", "icon": "emoji", "color": "#hex"}]
+
+ [Corps de l'histoire - Bien structur├® en paragraphes]
+
+ [Illustration: Description d├®taill├®e pour le g├®n├®rateur d'images]

 ÔØ» server/tests/services/prompt.helper.test.js:50:28
     48|         it('should generate weekly prompt if day is Toute la semaine',ÔÇª
     49|             const prompt = PromptHelper.buildStoryPrompt({ ...baseParaÔÇª
     50|             expect(prompt).toContain("G├®n├¿re une S├ëRIE COMPL├êTE");
       |                            ^
     51|             expect(prompt).toContain("Lundi ├á Dimanche");
     52|         });

ÔÄ»ÔÄ»ÔÄ»ÔÄ»ÔÄ»ÔÄ»ÔÄ»ÔÄ»ÔÄ»ÔÄ»ÔÄ»ÔÄ»ÔÄ»ÔÄ»ÔÄ»ÔÄ»ÔÄ»ÔÄ»ÔÄ»ÔÄ»ÔÄ»ÔÄ»ÔÄ»ÔÄ»[2/4]ÔÄ»

 FAIL  server/tests/services/prompt.helper.test.js > PromptHelper Unit Tests > buildStoryPrompt > should include continuity instruction if previousChapter is provided
ReferenceError: day is not defined
 ÔØ» PromptHelper._getTaskInstruction server/services/helpers/prompt.helper.js:44:64
     42|         return `T├óche : G├®n├®rez une S├ëRIE COMPL├êTE de 7 histoires (LunÔÇª
     43|     }
     44|     return `T├óche : G├®n├®rez UNE SEULE histoire pour le jour "${day}" sÔÇª
       |                                                                ^
     45|   }
     46| 
 ÔØ» PromptHelper.buildStoryPrompt server/services/helpers/prompt.helper.js:22:8
 ÔØ» server/tests/services/prompt.helper.test.js:55:41

ÔÄ»ÔÄ»ÔÄ»ÔÄ»ÔÄ»ÔÄ»ÔÄ»ÔÄ»ÔÄ»ÔÄ»ÔÄ»ÔÄ»ÔÄ»ÔÄ»ÔÄ»ÔÄ»ÔÄ»ÔÄ»ÔÄ»ÔÄ»ÔÄ»ÔÄ»ÔÄ»ÔÄ»[3/4]ÔÄ»

 FAIL  server/tests/services/prompt.helper.test.js > PromptHelper Unit Tests > buildStoryPrompt > should include specific Friday instructions
ReferenceError: day is not defined
 ÔØ» PromptHelper._getTaskInstruction server/services/helpers/prompt.helper.js:44:64
     42|         return `T├óche : G├®n├®rez une S├ëRIE COMPL├êTE de 7 histoires (LunÔÇª
     43|     }
     44|     return `T├óche : G├®n├®rez UNE SEULE histoire pour le jour "${day}" sÔÇª
       |                                                                ^
     45|   }
     46| 
 ÔØ» PromptHelper.buildStoryPrompt server/services/helpers/prompt.helper.js:22:8
 ÔØ» server/tests/services/prompt.helper.test.js:65:41

ÔÄ»ÔÄ»ÔÄ»ÔÄ»ÔÄ»ÔÄ»ÔÄ»ÔÄ»ÔÄ»ÔÄ»ÔÄ»ÔÄ»ÔÄ»ÔÄ»ÔÄ»ÔÄ»ÔÄ»ÔÄ»ÔÄ»ÔÄ»ÔÄ»ÔÄ»ÔÄ»ÔÄ»[4/4]ÔÄ»


[2m Test Files [22m [1m[31m1 failed[39m[22m[90m (1)[39m
[2m      Tests [22m [1m[31m4 failed[39m[22m[2m | [22m[1m[32m3 passed[39m[22m[90m (7)[39m
[2m   Start at [22m 22:00:54
[2m   Duration [22m 297ms[2m (transform 37ms, setup 0ms, import 59ms, tests 18ms, environment 0ms)[22m

